// Jest Snapshot v1, https://goo.gl/fbAQLP

exports[`AdminPanel tests Snapshot matches 1`] = `
ShallowWrapper {
  Symbol(enzyme.__root__): [Circular],
  Symbol(enzyme.__unrendered__): <AdminPanel />,
  Symbol(enzyme.__renderer__): Object {
    "batchedUpdates": [Function],
    "getNode": [Function],
    "render": [Function],
    "simulateEvent": [Function],
    "unmount": [Function],
  },
  Symbol(enzyme.__node__): Object {
    "instance": null,
    "key": undefined,
    "nodeType": "host",
    "props": Object {
      "children": Array [
        <h4>
          Panel Administratora
</h4>,
        <form
          onSubmit={[Function]}
>
          <div
                    className="form-group"
          >
                    <input
                              className="form-control"
                              id="name"
                              name="name"
                              onChange={[Function]}
                              placeholder="book name"
                              type="text"
                              value=""
                    />
          </div>
          <div
                    className="form-group"
          >
                    <input
                              className="form-control"
                              id="author"
                              name="author"
                              onChange={[Function]}
                              placeholder="book Author"
                              type="text"
                              value=""
                    />
          </div>
          <div
                    className="form-group"
          >
                    <textarea
                              className="form-control"
                              id="description"
                              name="description"
                              onChange={[Function]}
                              placeholder="Book Description"
                              value=""
                    />
          </div>
          <div
                    className="form-check"
          >
                    <input
                              className="form-check-input"
                              id="onStock"
                              name="onStock"
                              onChange={[Function]}
                              type="checkbox"
                              value={false}
                    />
                    <label
                              className="form-check-label"
                              htmlFor="onStock"
                    >
                               On stock 
                    </label>
          </div>
          <div
                    className="form-group"
          >
                    <input
                              className="form-control-file"
                              id="image"
                              name="image"
                              onChange={[Function]}
                              placeholder="book image"
                              type="file"
                              value=""
                    />
          </div>
          <button
                    className="btn btn-primary"
                    type="submit"
          >
                    Add
          </button>
</form>,
      ],
      "className": "adminPanel col-md-4",
    },
    "ref": null,
    "rendered": Array [
      Object {
        "instance": null,
        "key": undefined,
        "nodeType": "host",
        "props": Object {
          "children": "Panel Administratora",
        },
        "ref": null,
        "rendered": "Panel Administratora",
        "type": "h4",
      },
      Object {
        "instance": null,
        "key": undefined,
        "nodeType": "host",
        "props": Object {
          "children": Array [
            <div
              className="form-group"
>
              <input
                            className="form-control"
                            id="name"
                            name="name"
                            onChange={[Function]}
                            placeholder="book name"
                            type="text"
                            value=""
              />
</div>,
            <div
              className="form-group"
>
              <input
                            className="form-control"
                            id="author"
                            name="author"
                            onChange={[Function]}
                            placeholder="book Author"
                            type="text"
                            value=""
              />
</div>,
            <div
              className="form-group"
>
              <textarea
                            className="form-control"
                            id="description"
                            name="description"
                            onChange={[Function]}
                            placeholder="Book Description"
                            value=""
              />
</div>,
            <div
              className="form-check"
>
              <input
                            className="form-check-input"
                            id="onStock"
                            name="onStock"
                            onChange={[Function]}
                            type="checkbox"
                            value={false}
              />
              <label
                            className="form-check-label"
                            htmlFor="onStock"
              >
                             On stock 
              </label>
</div>,
            <div
              className="form-group"
>
              <input
                            className="form-control-file"
                            id="image"
                            name="image"
                            onChange={[Function]}
                            placeholder="book image"
                            type="file"
                            value=""
              />
</div>,
            <button
              className="btn btn-primary"
              type="submit"
>
              Add
</button>,
          ],
          "onSubmit": [Function],
        },
        "ref": null,
        "rendered": Array [
          Object {
            "instance": null,
            "key": undefined,
            "nodeType": "host",
            "props": Object {
              "children": <input
                className="form-control"
                id="name"
                name="name"
                onChange={[Function]}
                placeholder="book name"
                type="text"
                value=""
/>,
              "className": "form-group",
            },
            "ref": null,
            "rendered": Object {
              "instance": null,
              "key": undefined,
              "nodeType": "host",
              "props": Object {
                "className": "form-control",
                "id": "name",
                "name": "name",
                "onChange": [Function],
                "placeholder": "book name",
                "type": "text",
                "value": "",
              },
              "ref": null,
              "rendered": null,
              "type": "input",
            },
            "type": "div",
          },
          Object {
            "instance": null,
            "key": undefined,
            "nodeType": "host",
            "props": Object {
              "children": <input
                className="form-control"
                id="author"
                name="author"
                onChange={[Function]}
                placeholder="book Author"
                type="text"
                value=""
/>,
              "className": "form-group",
            },
            "ref": null,
            "rendered": Object {
              "instance": null,
              "key": undefined,
              "nodeType": "host",
              "props": Object {
                "className": "form-control",
                "id": "author",
                "name": "author",
                "onChange": [Function],
                "placeholder": "book Author",
                "type": "text",
                "value": "",
              },
              "ref": null,
              "rendered": null,
              "type": "input",
            },
            "type": "div",
          },
          Object {
            "instance": null,
            "key": undefined,
            "nodeType": "host",
            "props": Object {
              "children": <textarea
                className="form-control"
                id="description"
                name="description"
                onChange={[Function]}
                placeholder="Book Description"
                value=""
/>,
              "className": "form-group",
            },
            "ref": null,
            "rendered": Object {
              "instance": null,
              "key": undefined,
              "nodeType": "host",
              "props": Object {
                "className": "form-control",
                "id": "description",
                "name": "description",
                "onChange": [Function],
                "placeholder": "Book Description",
                "value": "",
              },
              "ref": null,
              "rendered": null,
              "type": "textarea",
            },
            "type": "div",
          },
          Object {
            "instance": null,
            "key": undefined,
            "nodeType": "host",
            "props": Object {
              "children": Array [
                <input
                  className="form-check-input"
                  id="onStock"
                  name="onStock"
                  onChange={[Function]}
                  type="checkbox"
                  value={false}
/>,
                <label
                  className="form-check-label"
                  htmlFor="onStock"
>
                   On stock 
</label>,
              ],
              "className": "form-check",
            },
            "ref": null,
            "rendered": Array [
              Object {
                "instance": null,
                "key": undefined,
                "nodeType": "host",
                "props": Object {
                  "className": "form-check-input",
                  "id": "onStock",
                  "name": "onStock",
                  "onChange": [Function],
                  "type": "checkbox",
                  "value": false,
                },
                "ref": null,
                "rendered": null,
                "type": "input",
              },
              Object {
                "instance": null,
                "key": undefined,
                "nodeType": "host",
                "props": Object {
                  "children": " On stock ",
                  "className": "form-check-label",
                  "htmlFor": "onStock",
                },
                "ref": null,
                "rendered": " On stock ",
                "type": "label",
              },
            ],
            "type": "div",
          },
          Object {
            "instance": null,
            "key": undefined,
            "nodeType": "host",
            "props": Object {
              "children": <input
                className="form-control-file"
                id="image"
                name="image"
                onChange={[Function]}
                placeholder="book image"
                type="file"
                value=""
/>,
              "className": "form-group",
            },
            "ref": null,
            "rendered": Object {
              "instance": null,
              "key": undefined,
              "nodeType": "host",
              "props": Object {
                "className": "form-control-file",
                "id": "image",
                "name": "image",
                "onChange": [Function],
                "placeholder": "book image",
                "type": "file",
                "value": "",
              },
              "ref": null,
              "rendered": null,
              "type": "input",
            },
            "type": "div",
          },
          Object {
            "instance": null,
            "key": undefined,
            "nodeType": "host",
            "props": Object {
              "children": "Add",
              "className": "btn btn-primary",
              "type": "submit",
            },
            "ref": null,
            "rendered": "Add",
            "type": "button",
          },
        ],
        "type": "form",
      },
    ],
    "type": "div",
  },
  Symbol(enzyme.__nodes__): Array [
    Object {
      "instance": null,
      "key": undefined,
      "nodeType": "host",
      "props": Object {
        "children": Array [
          <h4>
            Panel Administratora
</h4>,
          <form
            onSubmit={[Function]}
>
            <div
                        className="form-group"
            >
                        <input
                                    className="form-control"
                                    id="name"
                                    name="name"
                                    onChange={[Function]}
                                    placeholder="book name"
                                    type="text"
                                    value=""
                        />
            </div>
            <div
                        className="form-group"
            >
                        <input
                                    className="form-control"
                                    id="author"
                                    name="author"
                                    onChange={[Function]}
                                    placeholder="book Author"
                                    type="text"
                                    value=""
                        />
            </div>
            <div
                        className="form-group"
            >
                        <textarea
                                    className="form-control"
                                    id="description"
                                    name="description"
                                    onChange={[Function]}
                                    placeholder="Book Description"
                                    value=""
                        />
            </div>
            <div
                        className="form-check"
            >
                        <input
                                    className="form-check-input"
                                    id="onStock"
                                    name="onStock"
                                    onChange={[Function]}
                                    type="checkbox"
                                    value={false}
                        />
                        <label
                                    className="form-check-label"
                                    htmlFor="onStock"
                        >
                                     On stock 
                        </label>
            </div>
            <div
                        className="form-group"
            >
                        <input
                                    className="form-control-file"
                                    id="image"
                                    name="image"
                                    onChange={[Function]}
                                    placeholder="book image"
                                    type="file"
                                    value=""
                        />
            </div>
            <button
                        className="btn btn-primary"
                        type="submit"
            >
                        Add
            </button>
</form>,
        ],
        "className": "adminPanel col-md-4",
      },
      "ref": null,
      "rendered": Array [
        Object {
          "instance": null,
          "key": undefined,
          "nodeType": "host",
          "props": Object {
            "children": "Panel Administratora",
          },
          "ref": null,
          "rendered": "Panel Administratora",
          "type": "h4",
        },
        Object {
          "instance": null,
          "key": undefined,
          "nodeType": "host",
          "props": Object {
            "children": Array [
              <div
                className="form-group"
>
                <input
                                className="form-control"
                                id="name"
                                name="name"
                                onChange={[Function]}
                                placeholder="book name"
                                type="text"
                                value=""
                />
</div>,
              <div
                className="form-group"
>
                <input
                                className="form-control"
                                id="author"
                                name="author"
                                onChange={[Function]}
                                placeholder="book Author"
                                type="text"
                                value=""
                />
</div>,
              <div
                className="form-group"
>
                <textarea
                                className="form-control"
                                id="description"
                                name="description"
                                onChange={[Function]}
                                placeholder="Book Description"
                                value=""
                />
</div>,
              <div
                className="form-check"
>
                <input
                                className="form-check-input"
                                id="onStock"
                                name="onStock"
                                onChange={[Function]}
                                type="checkbox"
                                value={false}
                />
                <label
                                className="form-check-label"
                                htmlFor="onStock"
                >
                                 On stock 
                </label>
</div>,
              <div
                className="form-group"
>
                <input
                                className="form-control-file"
                                id="image"
                                name="image"
                                onChange={[Function]}
                                placeholder="book image"
                                type="file"
                                value=""
                />
</div>,
              <button
                className="btn btn-primary"
                type="submit"
>
                Add
</button>,
            ],
            "onSubmit": [Function],
          },
          "ref": null,
          "rendered": Array [
            Object {
              "instance": null,
              "key": undefined,
              "nodeType": "host",
              "props": Object {
                "children": <input
                  className="form-control"
                  id="name"
                  name="name"
                  onChange={[Function]}
                  placeholder="book name"
                  type="text"
                  value=""
/>,
                "className": "form-group",
              },
              "ref": null,
              "rendered": Object {
                "instance": null,
                "key": undefined,
                "nodeType": "host",
                "props": Object {
                  "className": "form-control",
                  "id": "name",
                  "name": "name",
                  "onChange": [Function],
                  "placeholder": "book name",
                  "type": "text",
                  "value": "",
                },
                "ref": null,
                "rendered": null,
                "type": "input",
              },
              "type": "div",
            },
            Object {
              "instance": null,
              "key": undefined,
              "nodeType": "host",
              "props": Object {
                "children": <input
                  className="form-control"
                  id="author"
                  name="author"
                  onChange={[Function]}
                  placeholder="book Author"
                  type="text"
                  value=""
/>,
                "className": "form-group",
              },
              "ref": null,
              "rendered": Object {
                "instance": null,
                "key": undefined,
                "nodeType": "host",
                "props": Object {
                  "className": "form-control",
                  "id": "author",
                  "name": "author",
                  "onChange": [Function],
                  "placeholder": "book Author",
                  "type": "text",
                  "value": "",
                },
                "ref": null,
                "rendered": null,
                "type": "input",
              },
              "type": "div",
            },
            Object {
              "instance": null,
              "key": undefined,
              "nodeType": "host",
              "props": Object {
                "children": <textarea
                  className="form-control"
                  id="description"
                  name="description"
                  onChange={[Function]}
                  placeholder="Book Description"
                  value=""
/>,
                "className": "form-group",
              },
              "ref": null,
              "rendered": Object {
                "instance": null,
                "key": undefined,
                "nodeType": "host",
                "props": Object {
                  "className": "form-control",
                  "id": "description",
                  "name": "description",
                  "onChange": [Function],
                  "placeholder": "Book Description",
                  "value": "",
                },
                "ref": null,
                "rendered": null,
                "type": "textarea",
              },
              "type": "div",
            },
            Object {
              "instance": null,
              "key": undefined,
              "nodeType": "host",
              "props": Object {
                "children": Array [
                  <input
                    className="form-check-input"
                    id="onStock"
                    name="onStock"
                    onChange={[Function]}
                    type="checkbox"
                    value={false}
/>,
                  <label
                    className="form-check-label"
                    htmlFor="onStock"
>
                     On stock 
</label>,
                ],
                "className": "form-check",
              },
              "ref": null,
              "rendered": Array [
                Object {
                  "instance": null,
                  "key": undefined,
                  "nodeType": "host",
                  "props": Object {
                    "className": "form-check-input",
                    "id": "onStock",
                    "name": "onStock",
                    "onChange": [Function],
                    "type": "checkbox",
                    "value": false,
                  },
                  "ref": null,
                  "rendered": null,
                  "type": "input",
                },
                Object {
                  "instance": null,
                  "key": undefined,
                  "nodeType": "host",
                  "props": Object {
                    "children": " On stock ",
                    "className": "form-check-label",
                    "htmlFor": "onStock",
                  },
                  "ref": null,
                  "rendered": " On stock ",
                  "type": "label",
                },
              ],
              "type": "div",
            },
            Object {
              "instance": null,
              "key": undefined,
              "nodeType": "host",
              "props": Object {
                "children": <input
                  className="form-control-file"
                  id="image"
                  name="image"
                  onChange={[Function]}
                  placeholder="book image"
                  type="file"
                  value=""
/>,
                "className": "form-group",
              },
              "ref": null,
              "rendered": Object {
                "instance": null,
                "key": undefined,
                "nodeType": "host",
                "props": Object {
                  "className": "form-control-file",
                  "id": "image",
                  "name": "image",
                  "onChange": [Function],
                  "placeholder": "book image",
                  "type": "file",
                  "value": "",
                },
                "ref": null,
                "rendered": null,
                "type": "input",
              },
              "type": "div",
            },
            Object {
              "instance": null,
              "key": undefined,
              "nodeType": "host",
              "props": Object {
                "children": "Add",
                "className": "btn btn-primary",
                "type": "submit",
              },
              "ref": null,
              "rendered": "Add",
              "type": "button",
            },
          ],
          "type": "form",
        },
      ],
      "type": "div",
    },
  ],
  Symbol(enzyme.__options__): Object {
    "adapter": ReactSixteenAdapter {
      "options": Object {
        "enableComponentDidUpdateOnSetState": true,
        "lifecycles": Object {
          "componentDidUpdate": Object {
            "onSetState": true,
          },
          "getDerivedStateFromProps": true,
          "getSnapshotBeforeUpdate": true,
          "setState": Object {
            "skipsComponentDidUpdateOnNullish": true,
          },
        },
      },
    },
    "attachTo": undefined,
    "hydrateIn": undefined,
  },
}
`;
